Archive member included to satisfy reference by file (symbol)

c:/program files (x86)/atmel/studio/7.0/toolchain/avr8/avr8-gnu-toolchain/bin/../lib/gcc/avr/5.4.0/avr5\libgcc.a(_exit.o)
                              C:/Program Files (x86)/Atmel/Studio/7.0/Packs/atmel/ATmega_DFP/1.6.364/gcc/dev/atmega32/avr5/crtatmega32.o (exit)
c:/program files (x86)/atmel/studio/7.0/toolchain/avr8/avr8-gnu-toolchain/bin/../lib/gcc/avr/5.4.0/avr5\libgcc.a(_tablejump2.o)
                              ADC_program.o (__tablejump2__)
c:/program files (x86)/atmel/studio/7.0/toolchain/avr8/avr8-gnu-toolchain/bin/../lib/gcc/avr/5.4.0/avr5\libgcc.a(_copy_data.o)
                              LCD_program.o (__do_copy_data)
c:/program files (x86)/atmel/studio/7.0/toolchain/avr8/avr8-gnu-toolchain/bin/../lib/gcc/avr/5.4.0/avr5\libgcc.a(_clear_bss.o)
                              ADC_program.o (__do_clear_bss)
c:/program files (x86)/atmel/studio/7.0/toolchain/avr8/avr8-gnu-toolchain/bin/../lib/gcc/avr/5.4.0/avr5\libgcc.a(_umulhisi3.o)
                              FlexSensor_program.o (__umulhisi3)

Discarded input sections

 .data          0x00000000        0x0 C:/Program Files (x86)/Atmel/Studio/7.0/Packs/atmel/ATmega_DFP/1.6.364/gcc/dev/atmega32/avr5/crtatmega32.o
 .bss           0x00000000        0x0 C:/Program Files (x86)/Atmel/Studio/7.0/Packs/atmel/ATmega_DFP/1.6.364/gcc/dev/atmega32/avr5/crtatmega32.o
 .text          0x00000000        0x0 ADC_program.o
 .data          0x00000000        0x0 ADC_program.o
 .bss           0x00000000        0x0 ADC_program.o
 .text.ADC_voidDisable
                0x00000000        0x8 ADC_program.o
 .text.ADC_voidEnableInterrupt
                0x00000000        0x8 ADC_program.o
 .text.ADC_voidDisableInterrupt
                0x00000000        0x8 ADC_program.o
 .text.ADC_voidSetCallBack
                0x00000000        0xa ADC_program.o
 .text          0x00000000        0x0 DIO_program.o
 .data          0x00000000        0x0 DIO_program.o
 .bss           0x00000000        0x0 DIO_program.o
 .text.DIO_u8GetPinValue
                0x00000000       0x6c DIO_program.o
 .text.DIO_voidSetPortValue
                0x00000000       0x24 DIO_program.o
 .text          0x00000000        0x0 FlexSensor_program.o
 .data          0x00000000        0x0 FlexSensor_program.o
 .bss           0x00000000        0x0 FlexSensor_program.o
 .text          0x00000000        0x0 GloveForDeaf_main.o
 .data          0x00000000        0x0 GloveForDeaf_main.o
 .bss           0x00000000        0x0 GloveForDeaf_main.o
 .text          0x00000000        0x0 LCD_program.o
 .data          0x00000000        0x0 LCD_program.o
 .bss           0x00000000        0x0 LCD_program.o
 .text.LCD_voidWriteString
                0x00000000       0x2c LCD_program.o
 .text.LCD_voidWriteu8Num
                0x00000000       0x64 LCD_program.o
 .text.LCD_voidCursorDisplayShift
                0x00000000        0x6 LCD_program.o
 .text.LCD_voidWriteChar8bit
                0x00000000       0x50 LCD_program.o
 .text.LCD_voidSendCMD8bit
                0x00000000       0x50 LCD_program.o
 .text.LCD_voidInit8bit
                0x00000000       0x7e LCD_program.o
 .text          0x00000000        0x0 Signs_program.o
 .data          0x00000000        0x0 Signs_program.o
 .bss           0x00000000        0x0 Signs_program.o
 .data.L_end_customChar
                0x00000000        0x8 Signs_program.o
 .text          0x00000000        0x0 c:/program files (x86)/atmel/studio/7.0/toolchain/avr8/avr8-gnu-toolchain/bin/../lib/gcc/avr/5.4.0/avr5\libgcc.a(_exit.o)
 .data          0x00000000        0x0 c:/program files (x86)/atmel/studio/7.0/toolchain/avr8/avr8-gnu-toolchain/bin/../lib/gcc/avr/5.4.0/avr5\libgcc.a(_exit.o)
 .bss           0x00000000        0x0 c:/program files (x86)/atmel/studio/7.0/toolchain/avr8/avr8-gnu-toolchain/bin/../lib/gcc/avr/5.4.0/avr5\libgcc.a(_exit.o)
 .text.libgcc.mul
                0x00000000        0x0 c:/program files (x86)/atmel/studio/7.0/toolchain/avr8/avr8-gnu-toolchain/bin/../lib/gcc/avr/5.4.0/avr5\libgcc.a(_exit.o)
 .text.libgcc.div
                0x00000000        0x0 c:/program files (x86)/atmel/studio/7.0/toolchain/avr8/avr8-gnu-toolchain/bin/../lib/gcc/avr/5.4.0/avr5\libgcc.a(_exit.o)
 .text.libgcc   0x00000000        0x0 c:/program files (x86)/atmel/studio/7.0/toolchain/avr8/avr8-gnu-toolchain/bin/../lib/gcc/avr/5.4.0/avr5\libgcc.a(_exit.o)
 .text.libgcc.prologue
                0x00000000        0x0 c:/program files (x86)/atmel/studio/7.0/toolchain/avr8/avr8-gnu-toolchain/bin/../lib/gcc/avr/5.4.0/avr5\libgcc.a(_exit.o)
 .text.libgcc.builtins
                0x00000000        0x0 c:/program files (x86)/atmel/studio/7.0/toolchain/avr8/avr8-gnu-toolchain/bin/../lib/gcc/avr/5.4.0/avr5\libgcc.a(_exit.o)
 .text.libgcc.fmul
                0x00000000        0x0 c:/program files (x86)/atmel/studio/7.0/toolchain/avr8/avr8-gnu-toolchain/bin/../lib/gcc/avr/5.4.0/avr5\libgcc.a(_exit.o)
 .text.libgcc.fixed
                0x00000000        0x0 c:/program files (x86)/atmel/studio/7.0/toolchain/avr8/avr8-gnu-toolchain/bin/../lib/gcc/avr/5.4.0/avr5\libgcc.a(_exit.o)
 .text          0x00000000        0x0 c:/program files (x86)/atmel/studio/7.0/toolchain/avr8/avr8-gnu-toolchain/bin/../lib/gcc/avr/5.4.0/avr5\libgcc.a(_tablejump2.o)
 .data          0x00000000        0x0 c:/program files (x86)/atmel/studio/7.0/toolchain/avr8/avr8-gnu-toolchain/bin/../lib/gcc/avr/5.4.0/avr5\libgcc.a(_tablejump2.o)
 .bss           0x00000000        0x0 c:/program files (x86)/atmel/studio/7.0/toolchain/avr8/avr8-gnu-toolchain/bin/../lib/gcc/avr/5.4.0/avr5\libgcc.a(_tablejump2.o)
 .text.libgcc.mul
                0x00000000        0x0 c:/program files (x86)/atmel/studio/7.0/toolchain/avr8/avr8-gnu-toolchain/bin/../lib/gcc/avr/5.4.0/avr5\libgcc.a(_tablejump2.o)
 .text.libgcc.div
                0x00000000        0x0 c:/program files (x86)/atmel/studio/7.0/toolchain/avr8/avr8-gnu-toolchain/bin/../lib/gcc/avr/5.4.0/avr5\libgcc.a(_tablejump2.o)
 .text.libgcc.prologue
                0x00000000        0x0 c:/program files (x86)/atmel/studio/7.0/toolchain/avr8/avr8-gnu-toolchain/bin/../lib/gcc/avr/5.4.0/avr5\libgcc.a(_tablejump2.o)
 .text.libgcc.builtins
                0x00000000        0x0 c:/program files (x86)/atmel/studio/7.0/toolchain/avr8/avr8-gnu-toolchain/bin/../lib/gcc/avr/5.4.0/avr5\libgcc.a(_tablejump2.o)
 .text.libgcc.fmul
                0x00000000        0x0 c:/program files (x86)/atmel/studio/7.0/toolchain/avr8/avr8-gnu-toolchain/bin/../lib/gcc/avr/5.4.0/avr5\libgcc.a(_tablejump2.o)
 .text.libgcc.fixed
                0x00000000        0x0 c:/program files (x86)/atmel/studio/7.0/toolchain/avr8/avr8-gnu-toolchain/bin/../lib/gcc/avr/5.4.0/avr5\libgcc.a(_tablejump2.o)
 .text          0x00000000        0x0 c:/program files (x86)/atmel/studio/7.0/toolchain/avr8/avr8-gnu-toolchain/bin/../lib/gcc/avr/5.4.0/avr5\libgcc.a(_copy_data.o)
 .data          0x00000000        0x0 c:/program files (x86)/atmel/studio/7.0/toolchain/avr8/avr8-gnu-toolchain/bin/../lib/gcc/avr/5.4.0/avr5\libgcc.a(_copy_data.o)
 .bss           0x00000000        0x0 c:/program files (x86)/atmel/studio/7.0/toolchain/avr8/avr8-gnu-toolchain/bin/../lib/gcc/avr/5.4.0/avr5\libgcc.a(_copy_data.o)
 .text.libgcc.mul
                0x00000000        0x0 c:/program files (x86)/atmel/studio/7.0/toolchain/avr8/avr8-gnu-toolchain/bin/../lib/gcc/avr/5.4.0/avr5\libgcc.a(_copy_data.o)
 .text.libgcc.div
                0x00000000        0x0 c:/program files (x86)/atmel/studio/7.0/toolchain/avr8/avr8-gnu-toolchain/bin/../lib/gcc/avr/5.4.0/avr5\libgcc.a(_copy_data.o)
 .text.libgcc   0x00000000        0x0 c:/program files (x86)/atmel/studio/7.0/toolchain/avr8/avr8-gnu-toolchain/bin/../lib/gcc/avr/5.4.0/avr5\libgcc.a(_copy_data.o)
 .text.libgcc.prologue
                0x00000000        0x0 c:/program files (x86)/atmel/studio/7.0/toolchain/avr8/avr8-gnu-toolchain/bin/../lib/gcc/avr/5.4.0/avr5\libgcc.a(_copy_data.o)
 .text.libgcc.builtins
                0x00000000        0x0 c:/program files (x86)/atmel/studio/7.0/toolchain/avr8/avr8-gnu-toolchain/bin/../lib/gcc/avr/5.4.0/avr5\libgcc.a(_copy_data.o)
 .text.libgcc.fmul
                0x00000000        0x0 c:/program files (x86)/atmel/studio/7.0/toolchain/avr8/avr8-gnu-toolchain/bin/../lib/gcc/avr/5.4.0/avr5\libgcc.a(_copy_data.o)
 .text.libgcc.fixed
                0x00000000        0x0 c:/program files (x86)/atmel/studio/7.0/toolchain/avr8/avr8-gnu-toolchain/bin/../lib/gcc/avr/5.4.0/avr5\libgcc.a(_copy_data.o)
 .text          0x00000000        0x0 c:/program files (x86)/atmel/studio/7.0/toolchain/avr8/avr8-gnu-toolchain/bin/../lib/gcc/avr/5.4.0/avr5\libgcc.a(_clear_bss.o)
 .data          0x00000000        0x0 c:/program files (x86)/atmel/studio/7.0/toolchain/avr8/avr8-gnu-toolchain/bin/../lib/gcc/avr/5.4.0/avr5\libgcc.a(_clear_bss.o)
 .bss           0x00000000        0x0 c:/program files (x86)/atmel/studio/7.0/toolchain/avr8/avr8-gnu-toolchain/bin/../lib/gcc/avr/5.4.0/avr5\libgcc.a(_clear_bss.o)
 .text.libgcc.mul
                0x00000000        0x0 c:/program files (x86)/atmel/studio/7.0/toolchain/avr8/avr8-gnu-toolchain/bin/../lib/gcc/avr/5.4.0/avr5\libgcc.a(_clear_bss.o)
 .text.libgcc.div
                0x00000000        0x0 c:/program files (x86)/atmel/studio/7.0/toolchain/avr8/avr8-gnu-toolchain/bin/../lib/gcc/avr/5.4.0/avr5\libgcc.a(_clear_bss.o)
 .text.libgcc   0x00000000        0x0 c:/program files (x86)/atmel/studio/7.0/toolchain/avr8/avr8-gnu-toolchain/bin/../lib/gcc/avr/5.4.0/avr5\libgcc.a(_clear_bss.o)
 .text.libgcc.prologue
                0x00000000        0x0 c:/program files (x86)/atmel/studio/7.0/toolchain/avr8/avr8-gnu-toolchain/bin/../lib/gcc/avr/5.4.0/avr5\libgcc.a(_clear_bss.o)
 .text.libgcc.builtins
                0x00000000        0x0 c:/program files (x86)/atmel/studio/7.0/toolchain/avr8/avr8-gnu-toolchain/bin/../lib/gcc/avr/5.4.0/avr5\libgcc.a(_clear_bss.o)
 .text.libgcc.fmul
                0x00000000        0x0 c:/program files (x86)/atmel/studio/7.0/toolchain/avr8/avr8-gnu-toolchain/bin/../lib/gcc/avr/5.4.0/avr5\libgcc.a(_clear_bss.o)
 .text.libgcc.fixed
                0x00000000        0x0 c:/program files (x86)/atmel/studio/7.0/toolchain/avr8/avr8-gnu-toolchain/bin/../lib/gcc/avr/5.4.0/avr5\libgcc.a(_clear_bss.o)
 .text          0x00000000        0x0 c:/program files (x86)/atmel/studio/7.0/toolchain/avr8/avr8-gnu-toolchain/bin/../lib/gcc/avr/5.4.0/avr5\libgcc.a(_umulhisi3.o)
 .data          0x00000000        0x0 c:/program files (x86)/atmel/studio/7.0/toolchain/avr8/avr8-gnu-toolchain/bin/../lib/gcc/avr/5.4.0/avr5\libgcc.a(_umulhisi3.o)
 .bss           0x00000000        0x0 c:/program files (x86)/atmel/studio/7.0/toolchain/avr8/avr8-gnu-toolchain/bin/../lib/gcc/avr/5.4.0/avr5\libgcc.a(_umulhisi3.o)
 .text.libgcc.div
                0x00000000        0x0 c:/program files (x86)/atmel/studio/7.0/toolchain/avr8/avr8-gnu-toolchain/bin/../lib/gcc/avr/5.4.0/avr5\libgcc.a(_umulhisi3.o)
 .text.libgcc   0x00000000        0x0 c:/program files (x86)/atmel/studio/7.0/toolchain/avr8/avr8-gnu-toolchain/bin/../lib/gcc/avr/5.4.0/avr5\libgcc.a(_umulhisi3.o)
 .text.libgcc.prologue
                0x00000000        0x0 c:/program files (x86)/atmel/studio/7.0/toolchain/avr8/avr8-gnu-toolchain/bin/../lib/gcc/avr/5.4.0/avr5\libgcc.a(_umulhisi3.o)
 .text.libgcc.builtins
                0x00000000        0x0 c:/program files (x86)/atmel/studio/7.0/toolchain/avr8/avr8-gnu-toolchain/bin/../lib/gcc/avr/5.4.0/avr5\libgcc.a(_umulhisi3.o)
 .text.libgcc.fmul
                0x00000000        0x0 c:/program files (x86)/atmel/studio/7.0/toolchain/avr8/avr8-gnu-toolchain/bin/../lib/gcc/avr/5.4.0/avr5\libgcc.a(_umulhisi3.o)
 .text.libgcc.fixed
                0x00000000        0x0 c:/program files (x86)/atmel/studio/7.0/toolchain/avr8/avr8-gnu-toolchain/bin/../lib/gcc/avr/5.4.0/avr5\libgcc.a(_umulhisi3.o)

Memory Configuration

Name             Origin             Length             Attributes
text             0x00000000         0x00008000         xr
data             0x00800060         0x00000800         rw !x
eeprom           0x00810000         0x00000400         rw !x
fuse             0x00820000         0x00000002         rw !x
lock             0x00830000         0x00000400         rw !x
signature        0x00840000         0x00000400         rw !x
user_signatures  0x00850000         0x00000400         rw !x
*default*        0x00000000         0xffffffff

Linker script and memory map

LOAD C:/Program Files (x86)/Atmel/Studio/7.0/Packs/atmel/ATmega_DFP/1.6.364/gcc/dev/atmega32/avr5/crtatmega32.o
LOAD ADC_program.o
LOAD DIO_program.o
LOAD FlexSensor_program.o
LOAD GloveForDeaf_main.o
LOAD LCD_program.o
LOAD Signs_program.o
START GROUP
LOAD c:/program files (x86)/atmel/studio/7.0/toolchain/avr8/avr8-gnu-toolchain/bin/../lib/gcc/avr/5.4.0/../../../../avr/lib/avr5\libm.a
END GROUP
START GROUP
LOAD c:/program files (x86)/atmel/studio/7.0/toolchain/avr8/avr8-gnu-toolchain/bin/../lib/gcc/avr/5.4.0/avr5\libgcc.a
LOAD c:/program files (x86)/atmel/studio/7.0/toolchain/avr8/avr8-gnu-toolchain/bin/../lib/gcc/avr/5.4.0/../../../../avr/lib/avr5\libm.a
LOAD c:/program files (x86)/atmel/studio/7.0/toolchain/avr8/avr8-gnu-toolchain/bin/../lib/gcc/avr/5.4.0/../../../../avr/lib/avr5\libc.a
LOAD C:/Program Files (x86)/Atmel/Studio/7.0/Packs/atmel/ATmega_DFP/1.6.364/gcc/dev/atmega32/avr5\libatmega32.a
END GROUP
                0x00000000                __TEXT_REGION_ORIGIN__ = DEFINED (__TEXT_REGION_ORIGIN__)?__TEXT_REGION_ORIGIN__:0x0
                [0x00800060]                __DATA_REGION_ORIGIN__ = DEFINED (__DATA_REGION_ORIGIN__)?__DATA_REGION_ORIGIN__:0x800060
                [0x00008000]                __TEXT_REGION_LENGTH__ = DEFINED (__TEXT_REGION_LENGTH__)?__TEXT_REGION_LENGTH__:0x20000
                [0x00000800]                __DATA_REGION_LENGTH__ = DEFINED (__DATA_REGION_LENGTH__)?__DATA_REGION_LENGTH__:0xffa0
                [0x00000400]                __EEPROM_REGION_LENGTH__ = DEFINED (__EEPROM_REGION_LENGTH__)?__EEPROM_REGION_LENGTH__:0x10000
                [0x00000002]                __FUSE_REGION_LENGTH__ = DEFINED (__FUSE_REGION_LENGTH__)?__FUSE_REGION_LENGTH__:0x400
                0x00000400                __LOCK_REGION_LENGTH__ = DEFINED (__LOCK_REGION_LENGTH__)?__LOCK_REGION_LENGTH__:0x400
                0x00000400                __SIGNATURE_REGION_LENGTH__ = DEFINED (__SIGNATURE_REGION_LENGTH__)?__SIGNATURE_REGION_LENGTH__:0x400
                0x00000400                __USER_SIGNATURE_REGION_LENGTH__ = DEFINED (__USER_SIGNATURE_REGION_LENGTH__)?__USER_SIGNATURE_REGION_LENGTH__:0x400

.hash
 *(.hash)

.dynsym
 *(.dynsym)

.dynstr
 *(.dynstr)

.gnu.version
 *(.gnu.version)

.gnu.version_d
 *(.gnu.version_d)

.gnu.version_r
 *(.gnu.version_r)

.rel.init
 *(.rel.init)

.rela.init
 *(.rela.init)

.rel.text
 *(.rel.text)
 *(.rel.text.*)
 *(.rel.gnu.linkonce.t*)

.rela.text
 *(.rela.text)
 *(.rela.text.*)
 *(.rela.gnu.linkonce.t*)

.rel.fini
 *(.rel.fini)

.rela.fini
 *(.rela.fini)

.rel.rodata
 *(.rel.rodata)
 *(.rel.rodata.*)
 *(.rel.gnu.linkonce.r*)

.rela.rodata
 *(.rela.rodata)
 *(.rela.rodata.*)
 *(.rela.gnu.linkonce.r*)

.rel.data
 *(.rel.data)
 *(.rel.data.*)
 *(.rel.gnu.linkonce.d*)

.rela.data
 *(.rela.data)
 *(.rela.data.*)
 *(.rela.gnu.linkonce.d*)

.rel.ctors
 *(.rel.ctors)

.rela.ctors
 *(.rela.ctors)

.rel.dtors
 *(.rel.dtors)

.rela.dtors
 *(.rela.dtors)

.rel.got
 *(.rel.got)

.rela.got
 *(.rela.got)

.rel.bss
 *(.rel.bss)

.rela.bss
 *(.rela.bss)

.rel.plt
 *(.rel.plt)

.rela.plt
 *(.rela.plt)

.text           0x00000000     0x123e
 *(.vectors)
 .vectors       0x00000000       0x54 C:/Program Files (x86)/Atmel/Studio/7.0/Packs/atmel/ATmega_DFP/1.6.364/gcc/dev/atmega32/avr5/crtatmega32.o
                0x00000000                __vector_default
                0x00000000                __vectors
 *(.vectors)
 *(.progmem.gcc*)
 .progmem.gcc_sw_table.ADC_voidSetChannel
                0x00000054       0x10 ADC_program.o
 .progmem.gcc_sw_table.Signs_voidTranslateSign
                0x00000064       0x10 Signs_program.o
                0x00000074                . = ALIGN (0x2)
                0x00000074                __trampolines_start = .
 *(.trampolines)
 .trampolines   0x00000074        0x0 linker stubs
 *(.trampolines*)
                0x00000074                __trampolines_end = .
 *libprintf_flt.a:*(.progmem.data)
 *libc.a:*(.progmem.data)
 *(.progmem*)
                0x00000074                . = ALIGN (0x2)
 *(.jumptables)
 *(.jumptables*)
 *(.lowtext)
 *(.lowtext*)
                0x00000074                __ctors_start = .
 *(.ctors)
                0x00000074                __ctors_end = .
                0x00000074                __dtors_start = .
 *(.dtors)
                0x00000074                __dtors_end = .
 SORT(*)(.ctors)
 SORT(*)(.dtors)
 *(.init0)
 .init0         0x00000074        0x0 C:/Program Files (x86)/Atmel/Studio/7.0/Packs/atmel/ATmega_DFP/1.6.364/gcc/dev/atmega32/avr5/crtatmega32.o
                0x00000074                __init
 *(.init0)
 *(.init1)
 *(.init1)
 *(.init2)
 .init2         0x00000074        0xc C:/Program Files (x86)/Atmel/Studio/7.0/Packs/atmel/ATmega_DFP/1.6.364/gcc/dev/atmega32/avr5/crtatmega32.o
 *(.init2)
 *(.init3)
 *(.init3)
 *(.init4)
 .init4         0x00000080       0x16 c:/program files (x86)/atmel/studio/7.0/toolchain/avr8/avr8-gnu-toolchain/bin/../lib/gcc/avr/5.4.0/avr5\libgcc.a(_copy_data.o)
                0x00000080                __do_copy_data
 .init4         0x00000096       0x10 c:/program files (x86)/atmel/studio/7.0/toolchain/avr8/avr8-gnu-toolchain/bin/../lib/gcc/avr/5.4.0/avr5\libgcc.a(_clear_bss.o)
                0x00000096                __do_clear_bss
 *(.init4)
 *(.init5)
 *(.init5)
 *(.init6)
 *(.init6)
 *(.init7)
 *(.init7)
 *(.init8)
 *(.init8)
 *(.init9)
 .init9         0x000000a6        0x8 C:/Program Files (x86)/Atmel/Studio/7.0/Packs/atmel/ATmega_DFP/1.6.364/gcc/dev/atmega32/avr5/crtatmega32.o
 *(.init9)
 *(.text)
 .text          0x000000ae        0x4 C:/Program Files (x86)/Atmel/Studio/7.0/Packs/atmel/ATmega_DFP/1.6.364/gcc/dev/atmega32/avr5/crtatmega32.o
                0x000000ae                __vector_1
                0x000000ae                __vector_12
                0x000000ae                __bad_interrupt
                0x000000ae                __vector_6
                0x000000ae                __vector_3
                0x000000ae                __vector_11
                0x000000ae                __vector_13
                0x000000ae                __vector_17
                0x000000ae                __vector_19
                0x000000ae                __vector_7
                0x000000ae                __vector_5
                0x000000ae                __vector_4
                0x000000ae                __vector_9
                0x000000ae                __vector_2
                0x000000ae                __vector_15
                0x000000ae                __vector_8
                0x000000ae                __vector_14
                0x000000ae                __vector_10
                0x000000ae                __vector_18
                0x000000ae                __vector_20
                0x000000b2                . = ALIGN (0x2)
 *(.text.*)
 .text.ADC_voidInit
                0x000000b2       0x32 ADC_program.o
                0x000000b2                ADC_voidInit
 .text.ADC_voidEnable
                0x000000e4        0x8 ADC_program.o
                0x000000e4                ADC_voidEnable
 .text.ADC_voidSetChannel
                0x000000ec      0x114 ADC_program.o
                0x000000ec                ADC_voidSetChannel
 .text.ADC_u16ReadValue
                0x00000200       0x10 ADC_program.o
                0x00000200                ADC_u16ReadValue
 .text.__vector_16
                0x00000210       0x4e ADC_program.o
                0x00000210                __vector_16
 .text.DIO_voidSetPinDirection
                0x0000025e       0xec DIO_program.o
                0x0000025e                DIO_voidSetPinDirection
 .text.DIO_voidSetPinValue
                0x0000034a       0xec DIO_program.o
                0x0000034a                DIO_voidSetPinValue
 .text.DIO_voidSetPortDirection
                0x00000436       0x54 DIO_program.o
                0x00000436                DIO_voidSetPortDirection
 .text.DIO_voidSetNibbleDirection
                0x0000048a      0x14e DIO_program.o
                0x0000048a                DIO_voidSetNibbleDirection
 .text.DIO_voidSetNibbleValue
                0x000005d8       0x80 DIO_program.o
                0x000005d8                DIO_voidSetNibbleValue
 .text.Flex0_u8CheckBending
                0x00000658       0x38 FlexSensor_program.o
                0x00000658                Flex0_u8CheckBending
 .text.Flex1_u8CheckBending
                0x00000690       0x36 FlexSensor_program.o
                0x00000690                Flex1_u8CheckBending
 .text.Flex2_u8CheckBending
                0x000006c6       0x36 FlexSensor_program.o
                0x000006c6                Flex2_u8CheckBending
 .text.Flex3_u8CheckBending
                0x000006fc       0x36 FlexSensor_program.o
                0x000006fc                Flex3_u8CheckBending
 .text.Flex4_u8CheckBending
                0x00000732       0x36 FlexSensor_program.o
                0x00000732                Flex4_u8CheckBending
 .text.main     0x00000768       0x30 GloveForDeaf_main.o
                0x00000768                main
 .text.LCD_voidWriteChar4bit
                0x00000798       0x8c LCD_program.o
                0x00000798                LCD_voidWriteChar4bit
 .text.LCD_voidSendCMD4bit
                0x00000824       0x8c LCD_program.o
                0x00000824                LCD_voidSendCMD4bit
 .text.LCD_u8AddCustomChar
                0x000008b0       0x74 LCD_program.o
                0x000008b0                LCD_u8AddCustomChar
 .text.LCD_voidGoToXY
                0x00000924       0x1c LCD_program.o
                0x00000924                LCD_voidGoToXY
 .text.LCD_voidInit4bit
                0x00000940       0x6e LCD_program.o
                0x00000940                LCD_voidInit4bit
 .text.LCD_voidLCDClear
                0x000009ae        0x8 LCD_program.o
                0x000009ae                LCD_voidLCDClear
 .text.Signs_u8CheckSign
                0x000009b6      0x17a Signs_program.o
                0x000009b6                Signs_u8CheckSign
 .text.Signs_voidPrint_YOU_SIGN
                0x00000b30       0x5a Signs_program.o
                0x00000b30                Signs_voidPrint_YOU_SIGN
 .text.Signs_voidPrint_WATCH_YOU_SIGN
                0x00000b8a       0xe6 Signs_program.o
                0x00000b8a                Signs_voidPrint_WATCH_YOU_SIGN
 .text.Signs_voidPrint_REALLY_LOVE_YOU_SIGN
                0x00000c70       0xbc Signs_program.o
                0x00000c70                Signs_voidPrint_REALLY_LOVE_YOU_SIGN
 .text.Signs_voidPrint_LOVE_YOU_SIGN
                0x00000d2c       0x76 Signs_program.o
                0x00000d2c                Signs_voidPrint_LOVE_YOU_SIGN
 .text.Signs_voidPrint_AWSOME_SIGN
                0x00000da2       0xe6 Signs_program.o
                0x00000da2                Signs_voidPrint_AWSOME_SIGN
 .text.Signs_voidPrint_WISH_YOU_GOOD_LIFE_SIGN
                0x00000e88      0x1c0 Signs_program.o
                0x00000e88                Signs_voidPrint_WISH_YOU_GOOD_LIFE_SIGN
 .text.Signs_voidPrint_GOOD_JOB_SIGN
                0x00001048       0xae Signs_program.o
                0x00001048                Signs_voidPrint_GOOD_JOB_SIGN
 .text.Signs_voidPrint_SEE_YOU_SIGN
                0x000010f6       0xd8 Signs_program.o
                0x000010f6                Signs_voidPrint_SEE_YOU_SIGN
 .text.Signs_voidTranslateSign
                0x000011ce       0x42 Signs_program.o
                0x000011ce                Signs_voidTranslateSign
 .text.libgcc   0x00001210        0xc c:/program files (x86)/atmel/studio/7.0/toolchain/avr8/avr8-gnu-toolchain/bin/../lib/gcc/avr/5.4.0/avr5\libgcc.a(_tablejump2.o)
                0x00001210                __tablejump2__
 .text.libgcc.mul
                0x0000121c       0x1e c:/program files (x86)/atmel/studio/7.0/toolchain/avr8/avr8-gnu-toolchain/bin/../lib/gcc/avr/5.4.0/avr5\libgcc.a(_umulhisi3.o)
                0x0000121c                __umulhisi3
                0x0000123a                . = ALIGN (0x2)
 *(.fini9)
 .fini9         0x0000123a        0x0 c:/program files (x86)/atmel/studio/7.0/toolchain/avr8/avr8-gnu-toolchain/bin/../lib/gcc/avr/5.4.0/avr5\libgcc.a(_exit.o)
                0x0000123a                _exit
                0x0000123a                exit
 *(.fini9)
 *(.fini8)
 *(.fini8)
 *(.fini7)
 *(.fini7)
 *(.fini6)
 *(.fini6)
 *(.fini5)
 *(.fini5)
 *(.fini4)
 *(.fini4)
 *(.fini3)
 *(.fini3)
 *(.fini2)
 *(.fini2)
 *(.fini1)
 *(.fini1)
 *(.fini0)
 .fini0         0x0000123a        0x4 c:/program files (x86)/atmel/studio/7.0/toolchain/avr8/avr8-gnu-toolchain/bin/../lib/gcc/avr/5.4.0/avr5\libgcc.a(_exit.o)
 *(.fini0)
                0x0000123e                _etext = .

.data           0x00800060       0xca load address 0x0000123e
                0x00800060                PROVIDE (__data_start, .)
 *(.data)
 *(.data*)
 .data.u8Local_CharAdd.1803
                0x00800060        0x1 LCD_program.o
 .data.Y_end_customChar
                0x00800061        0x8 Signs_program.o
                0x00800061                Y_end_customChar
 .data.Y_customChar
                0x00800069        0x8 Signs_program.o
                0x00800069                Y_customChar
 .data.H_end_customChar
                0x00800071        0x8 Signs_program.o
                0x00800071                H_end_customChar
 .data.H2_customChar
                0x00800079        0x8 Signs_program.o
                0x00800079                H2_customChar
 .data.H1_customChar
                0x00800081        0x8 Signs_program.o
                0x00800081                H1_customChar
 .data.N_customChar
                0x00800089        0x8 Signs_program.o
                0x00800089                N_customChar
 .data.M_customChar
                0x00800091        0x8 Signs_program.o
                0x00800091                M_customChar
 .data.LA_customChar
                0x00800099        0x8 Signs_program.o
                0x00800099                LA_customChar
 .data.L_customChar
                0x008000a1        0x8 Signs_program.o
                0x008000a1                L_customChar
 .data.k_customChar
                0x008000a9        0x8 Signs_program.o
                0x008000a9                k_customChar
 .data.Q_customChar
                0x008000b1        0x8 Signs_program.o
                0x008000b1                Q_customChar
 .data.A_3_customChar
                0x008000b9        0x8 Signs_program.o
                0x008000b9                A_3_customChar
 .data.S2_customChar
                0x008000c1        0x8 Signs_program.o
                0x008000c1                S2_customChar
 .data.S1_customChar
                0x008000c9        0x8 Signs_program.o
                0x008000c9                S1_customChar
 .data.R_customChar
                0x008000d1        0x8 Signs_program.o
                0x008000d1                R_customChar
 .data.Z_customChar
                0x008000d9        0x8 Signs_program.o
                0x008000d9                Z_customChar
 .data.D_customChar
                0x008000e1        0x8 Signs_program.o
                0x008000e1                D_customChar
 .data.H_7_customChar
                0x008000e9        0x8 Signs_program.o
                0x008000e9                H_7_customChar
 .data.G_customChar
                0x008000f1        0x8 Signs_program.o
                0x008000f1                G_customChar
 .data.T_end_customChar
                0x008000f9        0x8 Signs_program.o
                0x008000f9                T_end_customChar
 .data.T_customChar
                0x00800101        0x8 Signs_program.o
                0x00800101                T_customChar
 .data.B_end_customChar
                0x00800109        0x8 Signs_program.o
                0x00800109                B_end_customChar
 .data.B_customChar
                0x00800111        0x8 Signs_program.o
                0x00800111                B_customChar
 .data.A_end_customChar
                0x00800119        0x8 Signs_program.o
                0x00800119                A_end_customChar
 .data.A_customChar
                0x00800121        0x8 Signs_program.o
                0x00800121                A_customChar
 *(.gnu.linkonce.d*)
 *(.rodata)
 *(.rodata*)
 *(.gnu.linkonce.r*)
                0x0080012a                . = ALIGN (0x2)
 *fill*         0x00800129        0x1 
                0x0080012a                _edata = .
                0x0080012a                PROVIDE (__data_end, .)

.bss            0x0080012a        0x2
                0x0080012a                PROVIDE (__bss_start, .)
 *(.bss)
 *(.bss*)
 .bss.ADC_CallBack
                0x0080012a        0x2 ADC_program.o
 *(COMMON)
                0x0080012c                PROVIDE (__bss_end, .)
                0x0000123e                __data_load_start = LOADADDR (.data)
                0x00001308                __data_load_end = (__data_load_start + SIZEOF (.data))

.noinit         0x0080012c        0x0
                [!provide]                PROVIDE (__noinit_start, .)
 *(.noinit*)
                [!provide]                PROVIDE (__noinit_end, .)
                0x0080012c                _end = .
                [!provide]                PROVIDE (__heap_start, .)

.eeprom         0x00810000        0x0
 *(.eeprom*)
                0x00810000                __eeprom_end = .

.fuse
 *(.fuse)
 *(.lfuse)
 *(.hfuse)
 *(.efuse)

.lock
 *(.lock*)

.signature
 *(.signature*)

.user_signatures
 *(.user_signatures*)

.stab
 *(.stab)

.stabstr
 *(.stabstr)

.stab.excl
 *(.stab.excl)

.stab.exclstr
 *(.stab.exclstr)

.stab.index
 *(.stab.index)

.stab.indexstr
 *(.stab.indexstr)

.comment        0x00000000       0x30
 *(.comment)
 .comment       0x00000000       0x30 ADC_program.o
                                 0x31 (size before relaxing)
 .comment       0x00000030       0x31 DIO_program.o
 .comment       0x00000030       0x31 FlexSensor_program.o
 .comment       0x00000030       0x31 GloveForDeaf_main.o
 .comment       0x00000030       0x31 LCD_program.o
 .comment       0x00000030       0x31 Signs_program.o

.note.gnu.avr.deviceinfo
                0x00000000       0x3c
 .note.gnu.avr.deviceinfo
                0x00000000       0x3c C:/Program Files (x86)/Atmel/Studio/7.0/Packs/atmel/ATmega_DFP/1.6.364/gcc/dev/atmega32/avr5/crtatmega32.o

.note.gnu.build-id
 *(.note.gnu.build-id)

.debug
 *(.debug)

.line
 *(.line)

.debug_srcinfo
 *(.debug_srcinfo)

.debug_sfnames
 *(.debug_sfnames)

.debug_aranges  0x00000000      0x1f0
 *(.debug_aranges)
 .debug_aranges
                0x00000000       0x60 ADC_program.o
 .debug_aranges
                0x00000060       0x50 DIO_program.o
 .debug_aranges
                0x000000b0       0x40 FlexSensor_program.o
 .debug_aranges
                0x000000f0       0x20 GloveForDeaf_main.o
 .debug_aranges
                0x00000110       0x78 LCD_program.o
 .debug_aranges
                0x00000188       0x68 Signs_program.o

.debug_pubnames
 *(.debug_pubnames)

.debug_info     0x00000000     0x3381
 *(.debug_info .gnu.linkonce.wi.*)
 .debug_info    0x00000000      0x4e6 C:/Program Files (x86)/Atmel/Studio/7.0/Packs/atmel/ATmega_DFP/1.6.364/gcc/dev/atmega32/avr5/crtatmega32.o
 .debug_info    0x000004e6      0x185 ADC_program.o
 .debug_info    0x0000066b      0x234 DIO_program.o
 .debug_info    0x0000089f      0x203 FlexSensor_program.o
 .debug_info    0x00000aa2      0x183 GloveForDeaf_main.o
 .debug_info    0x00000c25      0xcc2 LCD_program.o
 .debug_info    0x000018e7     0x1a9a Signs_program.o

.debug_abbrev   0x00000000      0xac0
 *(.debug_abbrev)
 .debug_abbrev  0x00000000      0x4a3 C:/Program Files (x86)/Atmel/Studio/7.0/Packs/atmel/ATmega_DFP/1.6.364/gcc/dev/atmega32/avr5/crtatmega32.o
 .debug_abbrev  0x000004a3       0xda ADC_program.o
 .debug_abbrev  0x0000057d       0xb4 DIO_program.o
 .debug_abbrev  0x00000631       0x9a FlexSensor_program.o
 .debug_abbrev  0x000006cb       0x9d GloveForDeaf_main.o
 .debug_abbrev  0x00000768      0x1a4 LCD_program.o
 .debug_abbrev  0x0000090c      0x1b4 Signs_program.o

.debug_line     0x00000000     0x1692
 *(.debug_line .debug_line.* .debug_line_end)
 .debug_line    0x00000000      0x116 C:/Program Files (x86)/Atmel/Studio/7.0/Packs/atmel/ATmega_DFP/1.6.364/gcc/dev/atmega32/avr5/crtatmega32.o
 .debug_line    0x00000116      0x26d ADC_program.o
 .debug_line    0x00000383      0x31f DIO_program.o
 .debug_line    0x000006a2      0x17c FlexSensor_program.o
 .debug_line    0x0000081e       0xd7 GloveForDeaf_main.o
 .debug_line    0x000008f5      0x474 LCD_program.o
 .debug_line    0x00000d69      0x929 Signs_program.o

.debug_frame    0x00000000      0x4cc
 *(.debug_frame)
 .debug_frame   0x00000000       0xec ADC_program.o
 .debug_frame   0x000000ec       0x84 DIO_program.o
 .debug_frame   0x00000170       0x64 FlexSensor_program.o
 .debug_frame   0x000001d4       0x24 GloveForDeaf_main.o
 .debug_frame   0x000001f8      0x128 LCD_program.o
 .debug_frame   0x00000320      0x1ac Signs_program.o

.debug_str      0x00000000      0xa71
 *(.debug_str)
 .debug_str     0x00000000      0x196 C:/Program Files (x86)/Atmel/Studio/7.0/Packs/atmel/ATmega_DFP/1.6.364/gcc/dev/atmega32/avr5/crtatmega32.o
 .debug_str     0x00000196      0x202 ADC_program.o
                                0x21b (size before relaxing)
 .debug_str     0x00000398       0xd7 DIO_program.o
                                0x22f (size before relaxing)
 .debug_str     0x0000046f       0x97 FlexSensor_program.o
                                0x203 (size before relaxing)
 .debug_str     0x00000506       0xa0 GloveForDeaf_main.o
                                0x238 (size before relaxing)
 .debug_str     0x000005a6      0x189 LCD_program.o
                                0x3c4 (size before relaxing)
 .debug_str     0x0000072f      0x342 Signs_program.o
                                0x603 (size before relaxing)

.debug_loc      0x00000000     0x1b1e
 *(.debug_loc)
 .debug_loc     0x00000000      0x19b ADC_program.o
 .debug_loc     0x0000019b      0x705 DIO_program.o
 .debug_loc     0x000008a0      0x104 FlexSensor_program.o
 .debug_loc     0x000009a4       0x1e GloveForDeaf_main.o
 .debug_loc     0x000009c2      0x832 LCD_program.o
 .debug_loc     0x000011f4      0x92a Signs_program.o

.debug_macinfo
 *(.debug_macinfo)

.debug_weaknames
 *(.debug_weaknames)

.debug_funcnames
 *(.debug_funcnames)

.debug_typenames
 *(.debug_typenames)

.debug_varnames
 *(.debug_varnames)

.debug_pubtypes
 *(.debug_pubtypes)

.debug_ranges   0x00000000      0x190
 *(.debug_ranges)
 .debug_ranges  0x00000000       0x50 ADC_program.o
 .debug_ranges  0x00000050       0x40 DIO_program.o
 .debug_ranges  0x00000090       0x30 FlexSensor_program.o
 .debug_ranges  0x000000c0       0x10 GloveForDeaf_main.o
 .debug_ranges  0x000000d0       0x68 LCD_program.o
 .debug_ranges  0x00000138       0x58 Signs_program.o

.debug_macro
 *(.debug_macro)
OUTPUT(GloveForDeaf.elf elf32-avr)
LOAD linker stubs
